[super-mario3d-world.net/index2e4b.html]
[backblue.gif]
[fade.gif]
[index.html]
[super-mario3d-world.net/assets/favicons/favicon-16x16.png]
[super-mario3d-world.net/assets/favicons/favicon.ico]
[super-mario3d-world.net/assets/favicons/favicon-32x32.png]
[super-mario3d-world.net/assets/favicons/favicon-48x48.png]
[super-mario3d-world.net/assets/favicons/manifest.json]
[super-mario3d-world.net/assets/favicons/apple-touch-icon-57x57.png]
[super-mario3d-world.net/assets/favicons/apple-touch-icon-60x60.png]
[super-mario3d-world.net/assets/favicons/apple-touch-icon-72x72.png]
[super-mario3d-world.net/assets/favicons/apple-touch-icon-76x76.png]
[super-mario3d-world.net/assets/favicons/apple-touch-icon-114x114.png]
[super-mario3d-world.net/assets/favicons/apple-touch-icon-120x120.png]
[super-mario3d-world.net/assets/favicons/apple-touch-icon-144x144.png]
[super-mario3d-world.net/assets/favicons/apple-touch-icon-152x152.png]
[super-mario3d-world.net/assets/favicons/apple-touch-icon-167x167.png]
[super-mario3d-world.net/assets/favicons/apple-touch-icon-180x180.png]
[super-mario3d-world.net/assets/favicons/apple-touch-icon-1024x1024.png]
[super-mario3d-world.net/assets/favicons/apple-touch-startup-image-640x1136.png]
[super-mario3d-world.net/assets/favicons/apple-touch-startup-image-750x1334.png]
[super-mario3d-world.net/assets/favicons/apple-touch-startup-image-828x1792.png]
[super-mario3d-world.net/assets/favicons/apple-touch-startup-image-1125x2436.png]
[super-mario3d-world.net/assets/favicons/apple-touch-startup-image-1242x2208.png]
[super-mario3d-world.net/assets/favicons/apple-touch-startup-image-1242x2688.png]
[super-mario3d-world.net/assets/favicons/apple-touch-startup-image-1536x2048.png]
[super-mario3d-world.net/assets/favicons/apple-touch-startup-image-1668x2224.png]
[super-mario3d-world.net/assets/favicons/apple-touch-startup-image-1668x2388.png]
[super-mario3d-world.net/assets/favicons/apple-touch-startup-image-2048x2732.png]
[super-mario3d-world.net/assets/favicons/apple-touch-startup-image-1620x2160.png]
[super-mario3d-world.net/assets/favicons/apple-touch-startup-image-1136x640.png]
[super-mario3d-world.net/assets/favicons/apple-touch-startup-image-1334x750.png]
[super-mario3d-world.net/assets/favicons/apple-touch-startup-image-1792x828.png]
[super-mario3d-world.net/assets/favicons/apple-touch-startup-image-2436x1125.png]
[super-mario3d-world.net/assets/favicons/apple-touch-startup-image-2208x1242.png]
[super-mario3d-world.net/assets/favicons/apple-touch-startup-image-2688x1242.png]
[super-mario3d-world.net/assets/favicons/apple-touch-startup-image-2048x1536.png]
[super-mario3d-world.net/assets/favicons/apple-touch-startup-image-2224x1668.png]
[super-mario3d-world.net/assets/favicons/apple-touch-startup-image-2388x1668.png]
[super-mario3d-world.net/assets/favicons/apple-touch-startup-image-2732x2048.png]
[super-mario3d-world.net/assets/favicons/apple-touch-startup-image-2160x1620.png]
[super-mario3d-world.net/assets/favicons/coast-228x228.png]
[super-mario3d-world.net/assets/favicons/yandex-browser-manifest.json]
[super-mario3d-world.net/assets/css/microsite.css]
[super-mario3d-world.net/assets/css/global.css]
[super-mario3d-world.net/assets/img/home/header/sm3dw/background-xl.jpg]
[super-mario3d-world.net/assets/img/home/header/sm3dw/background-xl-2x.jpg]
[super-mario3d-world.net/assets/img/home/header/sm3dw/background-l.jpg]
[super-mario3d-world.net/assets/img/home/header/sm3dw/background-l-2x.jpg]
[super-mario3d-world.net/assets/img/home/header/sm3dw/background-m.jpg]
[super-mario3d-world.net/assets/img/home/header/sm3dw/background-m-2x.jpg]
[super-mario3d-world.net/assets/img/home/header/sm3dw/background.jpg]
[super-mario3d-world.net/assets/img/home/header/sm3dw/background-2x.jpg]
[super-mario3d-world.net/assets/img/home/header/sm3dw/characters-xl.png]
[super-mario3d-world.net/assets/img/home/header/sm3dw/characters-xl-2x.png]
[super-mario3d-world.net/assets/img/home/header/sm3dw/characters-l.png]
[super-mario3d-world.net/assets/img/home/header/sm3dw/characters-l-2x.png]
[super-mario3d-world.net/assets/img/home/header/sm3dw/characters-m.png]
[super-mario3d-world.net/assets/img/home/header/sm3dw/characters-m-2x.png]
[super-mario3d-world.net/assets/img/home/header/sm3dw/characters.png]
[super-mario3d-world.net/assets/img/home/header/sm3dw/characters-2x.png]
[super-mario3d-world.net/assets/img/home/header/sm3dw/character-1-xl.png]
[super-mario3d-world.net/assets/img/home/header/sm3dw/character-1-xl-2x.png]
[super-mario3d-world.net/assets/img/home/header/sm3dw/character-1-l.png]
[super-mario3d-world.net/assets/img/home/header/sm3dw/character-1-l-2x.png]
[super-mario3d-world.net/assets/img/home/header/sm3dw/character-1-m.png]
[super-mario3d-world.net/assets/img/home/header/sm3dw/character-1-m-2x.png]
[super-mario3d-world.net/assets/img/home/header/sm3dw/character-1.png]
[super-mario3d-world.net/assets/img/home/header/sm3dw/character-1-2x.png]
[super-mario3d-world.net/assets/img/home/header/sm3dw/logo-xl.png]
[super-mario3d-world.net/assets/img/home/header/sm3dw/logo-xl-2x.png]
[super-mario3d-world.net/assets/img/home/header/sm3dw/logo-l.png]
[super-mario3d-world.net/assets/img/home/header/sm3dw/logo-l-2x.png]
[super-mario3d-world.net/assets/img/home/header/sm3dw/logo-m.png]
[super-mario3d-world.net/assets/img/home/header/sm3dw/logo-m-2x.png]
[super-mario3d-world.net/assets/img/home/header/sm3dw/logo.png]
[super-mario3d-world.net/assets/img/home/header/sm3dw/logo-2x.png]
[super-mario3d-world.net/assets/img/home/header/bf/background-xl.jpg]
[super-mario3d-world.net/assets/img/home/header/bf/background-xl-2x.jpg]
[super-mario3d-world.net/assets/img/home/header/bf/background-l.jpg]
[super-mario3d-world.net/assets/img/home/header/bf/background-l-2x.jpg]
[super-mario3d-world.net/assets/img/home/header/bf/background-m.jpg]
[super-mario3d-world.net/assets/img/home/header/bf/background-m-2x.jpg]
[super-mario3d-world.net/assets/img/home/header/bf/background.jpg]
[super-mario3d-world.net/assets/img/home/header/bf/background-2x.jpg]
[super-mario3d-world.net/assets/img/home/header/bf/logo-l.png]
[super-mario3d-world.net/assets/img/home/header/bf/logo-l-2x.png]
[super-mario3d-world.net/assets/img/home/header/bf/logo-m.png]
[super-mario3d-world.net/assets/img/home/header/bf/logo-m-2x.png]
[super-mario3d-world.net/assets/img/home/header/bf/logo.png]
[super-mario3d-world.net/assets/img/home/header/bf/logo-2x.png]
[super-mario3d-world.net/assets/css/home.css]
[s.pinimg.com/ct/lib/main.7ba116b9.js]
[s.pinimg.com/ct/core.js]
[bat.bing.com/bat.js]
[cdn.cookielaw.org/scripttemplates/otSDKStub.js]
[super-mario3d-world.net/assets/css/alps.css]
[assets.adobedtm.com/extensions/EPbf7b42aa08bc4f10879b1484195e80d1/AppMeasurement.min.js]
[assets.adobedtm.com/extensions/EPbf7b42aa08bc4f10879b1484195e80d1/AppMeasurement_Module_ActivityMap.min.js]
[assets.adobedtm.com/0216612597a6/b80235efd36c/3218b9f3ee23/RC22e3862854544e04a7aaf340fd074e50-source.min.js]
[super-mario3d-world.net/assets/js/nintendo-jssdk-client.3.0.2.js]
[cdn.cookielaw.org/scripttemplates/6.35.0/otBannerSdk.js]
[optanon.blob.core.windows.net/logos/static/ot_persistent_cookie.png]
[assets.adobedtm.com/0216612597a6/b80235efd36c/3218b9f3ee23/RC9ed358b217cd46c0989ece371ddbf135-source.min.js]
[siteintercept.qualtrics.com/dxjsmodule/7.24ea16380ea2a2d04ede.chunk3838.js]
[siteintercept.qualtrics.com/dxjsmodule/1.92fe5cf091eb1403e593.chunk3838.js]
[super-mario3d-world.net/assets/img/nintendo-racetrack.svg]
[super-mario3d-world.net/assets/img/main-nav/sm3dw-logo.png]
[super-mario3d-world.net/assets/img/main-nav/plus-sign-logo.png]
[super-mario3d-world.net/index.html]
[super-mario3d-world.net/.html]
[super-mario3d-world.net/assets/img/main-nav/bf-logo.png]
[super-mario3d-world.net/play-together/index.html]
[super-mario3d-world.net/assets/videos/home/header/bf/background.mp4]
[super-mario3d-world.net/assets/videos/home/header/bf/background-m.mp4]
[super-mario3d-world.net/bowsers-fury/index.html]
[super-mario3d-world.net/assets/videos/home/header/bf/background-l.mp4]
[super-mario3d-world.net/assets/videos/home/header/bf/background-xl.mp4]
[super-mario3d-world.net/assets/img/home/header/bf/plus.png]
[super-mario3d-world.net/assets/img/home/features/character.png]
[super-mario3d-world.net/assets/videos/home/Homepage_PlayTogether_7sec_576x324.mp4]
[super-mario3d-world.net/assets/videos/home/Homepage_ExploreTogether_7sec_576x324.mp4]
[super-mario3d-world.net/assets/img/home/features/coin.gif]
[super-mario3d-world.net/assets/img/home/features/coin.png]
[super-mario3d-world.net/assets/img/tube/tube.png]
[super-mario3d-world.net/assets/videos/home/BF-bg-overlay-2.mp4]
[super-mario3d-world.net/assets/img/home/bowsers-fury/background.jpg]
[super-mario3d-world.net/assets/img/home/bowsers-fury/bowser.png]
[super-mario3d-world.net/assets/img/home/bowsers-fury/bowser-dark.png]
[super-mario3d-world.net/assets/img/global/my-nintendo-logo.svg]
[super-mario3d-world.net/assets/img/home/stickers/sticker-cat_mario.png]
[super-mario3d-world.net/assets/img/home/stickers/sticker-cat_peach.png]
[super-mario3d-world.net/assets/img/home/stickers/sticker-luigi.png]
[super-mario3d-world.net/assets/img/home/stickers/sticker-toad.png]
[super-mario3d-world.net/assets/img/home/stickers/sticker-super_bell.png]
[super-mario3d-world.net/assets/img/home/amiibos/cat-mario.png]
[super-mario3d-world.net/assets/img/home/amiibos/cat-peach.png]
[super-mario3d-world.net/assets/img/home/decorations/peach.png]
[super-mario3d-world.net/assets/img/home/decorations/toad.png]
[super-mario3d-world.net/assets/img/home/decorations/luigi.png]
[super-mario3d-world.net/assets/img/home/decorations/bell.png]
[super-mario3d-world.net/assets/img/home/decorations/cat_mario.png]
[super-mario3d-world.net/assets/img/home/super-bell-app/activity_img3.png]
[super-mario3d-world.net/cat-transformation-center/index.html]
[super-mario3d-world.net/assets/img/buy-section/game-packshot.png]
[super-mario3d-world.net/assets/img/buy-section/switch.png]
[super-mario3d-world.net/assets/img/buy-section/switch-lite.png]
[super-mario3d-world.net/assets/img/logo-facebook.svg]
[super-mario3d-world.net/assets/img/logo-twitter.svg]
[super-mario3d-world.net/assets/img/logo-youtube.svg]
[super-mario3d-world.net/assets/img/logo-instagram.svg]
[super-mario3d-world.net/assets/img/en-e.svg]
[super-mario3d-world.net/assets/img/logo-esrb-privacy-certified.svg]
[assets.adobedtm.com/0216612597a6/b80235efd36c/launch-9d979f097026.min.js]
[cdn.pricespider.com/1/lib/ps-widget.js]
[cdn.pricespider.com/1/3623/ps-utid.js]
[cdn.pricespider.com/1/lib/2.4.47/ps-widget.js]
[super-mario3d-world.net/_https_/cdn.cookielaw.org/logos/50b45312-ab08-436b-adc7-79156d8394f7/fbf3549c-4010-4bc2-8e8e-7077219d886e/a9e434c0-45f5-46cf-8f9c-c267f3130104/grey_racetrack.99.delayed]
[cdn.treasuredata.com/sdk/2.5/td.min.js]
[siteintercept.qualtrics.com/dxjsmodule/CoreModule684b.js]
[siteintercept.qualtrics.com/dxjsmodule/LinkModule684b.js]
[siteintercept.qualtrics.com/dxjsmodule/EmbeddedTargetModule684b.js]
[super-mario3d-world.net/index2e4b.html]
[use.typekit.net/rqo7lqz.css]
[super-mario3d-world.net/assets/modules/outdated/images/bg-modal.9f.delayed]
[super-mario3d-world.net/assets/modules/outdated/images/bg-overlay.png]
[super-mario3d-world.net/assets/modules/outdated/images/wario-waluigi-ball.png]
[super-mario3d-world.net/assets/css/microsite.css]
[super-mario3d-world.net/assets/img/patterns/pattern-blue-dots.png]
[super-mario3d-world.net/assets/img/patterns/pattern-blue-lines.png]
[super-mario3d-world.net/assets/img/patterns/pattern-characters-black.png]
[super-mario3d-world.net/assets/img/patterns/pattern-characters-green.png]
[super-mario3d-world.net/assets/img/patterns/pattern-characters-red.png]
[super-mario3d-world.net/assets/img/patterns/pattern-characters-white.png]
[super-mario3d-world.net/assets/img/patterns/pattern-characters-yellow.png]
[super-mario3d-world.net/assets/img/patterns/pattern-dark-spikes.png]
[super-mario3d-world.net/assets/img/patterns/pattern-green-dots.png]
[super-mario3d-world.net/assets/img/patterns/pattern-pink-dots.png]
[super-mario3d-world.net/assets/img/patterns/pattern-red-dots.png]
[super-mario3d-world.net/assets/img/patterns/pattern-white-dots.png]
[super-mario3d-world.net/assets/img/patterns/pattern-yellow-dots.png]
[super-mario3d-world.net/assets/img/patterns/pattern-blue-dots-2x.png]
[super-mario3d-world.net/assets/img/patterns/pattern-blue-lines-2x.png]
[super-mario3d-world.net/assets/img/patterns/pattern-characters-black-2x.png]
[super-mario3d-world.net/assets/img/patterns/pattern-characters-green-2x.png]
[super-mario3d-world.net/assets/img/patterns/pattern-characters-red-2x.png]
[super-mario3d-world.net/assets/img/patterns/pattern-characters-white-2x.png]
[super-mario3d-world.net/assets/img/patterns/pattern-characters-yellow-2x.png]
[super-mario3d-world.net/assets/img/patterns/pattern-dark-spikes-2x.png]
[super-mario3d-world.net/assets/img/patterns/pattern-green-dots-2x.png]
[super-mario3d-world.net/assets/img/patterns/pattern-pink-dots-2x.png]
[super-mario3d-world.net/assets/img/patterns/pattern-red-dots-2x.png]
[super-mario3d-world.net/assets/img/patterns/pattern-white-dots-2x.png]
[super-mario3d-world.net/assets/img/patterns/pattern-yellow-dots-2x.png]
[super-mario3d-world.net/assets/img/patterns/animation-wave.png]
[super-mario3d-world.net/assets/img/global/icon-close.svg]
[super-mario3d-world.net/assets/img/global/patterns/sawtooth-blue.png]
[super-mario3d-world.net/assets/img/global/patterns/sawtooth-blue-left.png]
[super-mario3d-world.net/assets/img/global/patterns/sawtooth-red.png]
[super-mario3d-world.net/assets/img/border/arrow-blue.png]
[super-mario3d-world.net/assets/img/border/arrow-white.png]
[super-mario3d-world.net/assets/img/border/arrow-yellow.png]
[super-mario3d-world.net/assets/img/border/half-wave-white.png]
[super-mario3d-world.net/assets/img/border/wave-blue.png]
[super-mario3d-world.net/assets/img/border/wave-green.png]
[super-mario3d-world.net/assets/img/border/wave-orange.png]
[super-mario3d-world.net/assets/img/border/wave-pink.png]
[super-mario3d-world.net/assets/img/border/wave-white.png]
[super-mario3d-world.net/assets/img/border/wave-yellow.png]
[super-mario3d-world.net/assets/img/border/arrow-blue-2x.png]
[super-mario3d-world.net/assets/img/border/arrow-white-2x.png]
[super-mario3d-world.net/assets/img/border/arrow-yellow-2x.png]
[super-mario3d-world.net/assets/img/border/half-wave-white-2x.png]
[super-mario3d-world.net/assets/img/border/wave-blue-2x.png]
[super-mario3d-world.net/assets/img/border/wave-green-2x.png]
[super-mario3d-world.net/assets/img/border/wave-orange-2x.png]
[super-mario3d-world.net/assets/img/border/wave-pink-2x.png]
[super-mario3d-world.net/assets/img/border/wave-white-2x.png]
[super-mario3d-world.net/assets/img/border/wave-yellow-2x.png]
[super-mario3d-world.net/assets/img/dotted-rule/dot-black.svg]
[super-mario3d-world.net/assets/img/dotted-rule/dot-red.svg]
[super-mario3d-world.net/assets/css/global.css]
[super-mario3d-world.net/assets/img/dotted-rule/dot-yellow.svg]
[super-mario3d-world.net/assets/img/tube/tube-extension.png]
[super-mario3d-world.net/assets/img/tube/tube-extension-2x.png]
[super-mario3d-world.net/assets/img/home/bowsers-fury/dot_pattern.png]
[super-mario3d-world.net/assets/img/home/bowsers-fury/background-2x.jpg]
[super-mario3d-world.net/assets/css/home.css]
[super-mario3d-world.net/assets/img/sprite/nosvg5b45.png]
[super-mario3d-world.net/assets/img/png/nosvg/icon_close.png]
[super-mario3d-world.net/assets/img/png/nosvg/icon_logout.png]
[super-mario3d-world.net/assets/img/png/nosvg/icon_setting.png]
[super-mario3d-world.net/assets/img/png/nosvg/icon_guest.png]
[super-mario3d-world.net/assets/img/icon_mii_none.png]
[super-mario3d-world.net/assets/img/png/nosvg/icon_mii_none.png]
[super-mario3d-world.net/assets/img/pattern_x.png]
[super-mario3d-world.net/assets/img/sprite/account6799.png]
[super-mario3d-world.net/assets/img/sprite/account/@2x7fba.png]
[super-mario3d-world.net/assets/img/icon_mii_none_s.png]
[super-mario3d-world.net/assets/img/png/nosvg/icon_mii_none_s.png]
[super-mario3d-world.net/assets/css/alps.css]
[super-mario3d-world.net/POST]
[super-mario3d-world.net/Trident/index.html]
[assets.adobedtm.com/extensions/EPbf7b42aa08bc4f10879b1484195e80d1/AppMeasurement.min.js]
[assets.adobedtm.com/extensions/EPbf7b42aa08bc4f10879b1484195e80d1/AppMeasurement_Module_ActivityMap.min.js]
[www.googletagmanager.com/gtmb479.js]
[www.googletagmanager.com/gtm20c4.js]
[assets.adobedtm.com/0216612597a6/b80235efd36c/3218b9f3ee23/RC22e3862854544e04a7aaf340fd074e50-source.min.js]
[assets.adobedtm.com/0216612597a6/b80235efd36c/3218b9f3ee23/RC9ed358b217cd46c0989ece371ddbf135-source.min.js]
[super-mario3d-world.net/index.html]
[super-mario3d-world.net/assets/img/nintendo-racetrack.svg]
[super-mario3d-world.net/.html]
[super-mario3d-world.net/assets/favicons/mstile-144x144.png]
[super-mario3d-world.net/assets/favicons/browserconfig.xml]
[super-mario3d-world.net/assets/img/share-fb.jpg]
[super-mario3d-world.net/assets/img/share-tw.jpg]
[super-mario3d-world.net/assets/css/play-together.css]
[super-mario3d-world.net/assets/videos/play-together/PlayTogether_7sec.mp4]
[super-mario3d-world.net/assets/img/play-together/PlayTogether_7sec.jpg]
[super-mario3d-world.net/assets/videos/play-together/PlayTogether_7sec-m.mp4]
[super-mario3d-world.net/assets/img/play-together/PlayTogether_7sec-m.jpg]
[super-mario3d-world.net/assets/img/play-together/header/characters.png]
[super-mario3d-world.net/assets/img/play-together/characters/mario.png]
[super-mario3d-world.net/assets/img/play-together/characters/luigi.png]
[super-mario3d-world.net/assets/img/play-together/characters/princess-peach.png]
[super-mario3d-world.net/assets/img/play-together/characters/toad.png]
[super-mario3d-world.net/assets/img/play-together/characters/rosalina.png]
[super-mario3d-world.net/assets/img/global/stickers/cat_mario.png]
[super-mario3d-world.net/assets/img/play-together/captain-toad/character.png]
[super-mario3d-world.net/assets/img/play-together/coop/players/4-players-1-system.jpg]
[super-mario3d-world.net/assets/img/play-together/coop/players/console.png]
[super-mario3d-world.net/assets/img/play-together/coop/wireless/local-wireless.jpg]
[super-mario3d-world.net/assets/img/play-together/coop/wireless/switch-lite-blue.png]
[super-mario3d-world.net/assets/img/play-together/coop/wireless/handheld-mode.png]
[super-mario3d-world.net/assets/img/play-together/coop/wireless/switch-lite-yellow.png]
[super-mario3d-world.net/assets/img/play-together/coop/online/online.jpg]
[super-mario3d-world.net/assets/img/play-together/coop/online/switch-lite-blue.png]
[super-mario3d-world.net/assets/img/play-together/coop/online/switch-lite.png]
[super-mario3d-world.net/assets/img/play-together/coop/online/switch.png]
[super-mario3d-world.net/assets/img/play-together/coop/online/online-icon.svg]
[super-mario3d-world.net/assets/img/play-together/coop/decoration-2.png]
[super-mario3d-world.net/assets/img/play-together/coop/decoration-1.png]
[super-mario3d-world.net/assets/img/play-together/decoration/decoration-1.png]
[super-mario3d-world.net/assets/img/play-together/decoration/decoration-2.png]
[super-mario3d-world.net/assets/img/play-together/decoration/decoration-3.png]
[super-mario3d-world.net/assets/img/play-together/decoration/decoration-4.png]
[super-mario3d-world.net/assets/img/global/stickers/cat_peach.png]
[super-mario3d-world.net/assets/img/global/stickers/toad.png]
[super-mario3d-world.net/assets/img/global/stickers/luigi.png]
[super-mario3d-world.net/assets/img/global/stickers/super_bell.png]
[super-mario3d-world.net/assets/js/runtime.js]
[super-mario3d-world.net/assets/js/runtime.es5.js]
[super-mario3d-world.net/assets/is/all.min.js]
[super-mario3d-world.net/assets/js/global.es5.js]
[super-mario3d-world.net/play-together/index.html]
[super-mario3d-world.net/assets/js/global.js]
[super-mario3d-world.net/media.nintendo.com/share/nclood/stable/en-us/bundles/microsite.css]
[super-mario3d-world.net/assets/css/bowsers-fury.css]
[super-mario3d-world.net/assets/videos/bowsers-fury/background.mp4]
[super-mario3d-world.net/assets/img/bowsers-fury/hero/bf-hero.jpg]
[super-mario3d-world.net/assets/videos/bowsers-fury/background-m.mp4]
[super-mario3d-world.net/assets/img/bowsers-fury/hero/bf-hero-m.jpg]
[super-mario3d-world.net/assets/videos/bowsers-fury/background-l.mp4]
[super-mario3d-world.net/assets/img/bowsers-fury/hero/bf-hero-l.jpg]
[super-mario3d-world.net/assets/img/bowsers-fury/hero/bf-logo.png]
[super-mario3d-world.net/assets/img/bowsers-fury/bowsers-fury-video-thumb.jpg]
[super-mario3d-world.net/assets/img/bowsers-fury/chars-cats/cat-1.png]
[super-mario3d-world.net/assets/img/bowsers-fury/chars-cats/cat-2.png]
[super-mario3d-world.net/assets/img/bowsers-fury/chars-cats/cat-3.png]
[super-mario3d-world.net/assets/img/bowsers-fury/chars-cats/cat-4.png]
[super-mario3d-world.net/assets/img/bowsers-fury/chars-cats/cat-5.png]
[super-mario3d-world.net/assets/img/bowsers-fury/icon-cat.svg]
[super-mario3d-world.net/assets/img/bowsers-fury/chars-giga/giga-cat-mario.png]
[super-mario3d-world.net/assets/img/bowsers-fury/chars-giga/cat-koopa-troopa.png]
[super-mario3d-world.net/assets/img/bowsers-fury/chars-giga/cat-goomba.png]
[super-mario3d-world.net/assets/img/bowsers-fury/multiplayer/mario-bowser-jr.png]
[super-mario3d-world.net/assets/videos/bowsers-fury/BowsersFury2P_7sec_624x351.mp4]
[super-mario3d-world.net/assets/img/bowsers-fury/BowsersFury2P-7sec.jpg]
[super-mario3d-world.net/assets/img/bowsers-fury/multiplayer/cat-biddybud.png]
[super-mario3d-world.net/assets/img/bowsers-fury/amiibo/bowser-amiibo.png]
[super-mario3d-world.net/assets/img/bowsers-fury/amiibo/bowser-jr-amiibo.png]
[super-mario3d-world.net/assets/img/bowsers-fury/chars-outro/char-1.png]
[super-mario3d-world.net/assets/img/bowsers-fury/chars-outro/char-2.png]
[super-mario3d-world.net/assets/img/bowsers-fury/chars-outro/char-3.png]
[super-mario3d-world.net/assets/img/bowsers-fury/chars-outro/char-4.png]
[super-mario3d-world.net/assets/img/bowsers-fury/chars-outro/char-5.png]
[super-mario3d-world.net/bowsers-fury/index.html]
[super-mario3d-world.net/assets/img/global/my-nintendo-logo.svg]
[super-mario3d-world.net/assets/cat-transformation-center/run.js]
[super-mario3d-world.net/cat-transformation-center/index.html]
[super-mario3d-world.net/assets/img/logo-facebook.svg]
[super-mario3d-world.net/assets/img/logo-twitter.svg]
[super-mario3d-world.net/assets/img/logo-youtube.svg]
[super-mario3d-world.net/assets/img/logo-instagram.svg]
[super-mario3d-world.net/assets/img/en-e.svg]
[super-mario3d-world.net/assets/img/logo-esrb-privacy-certified.svg]
[super-mario3d-world.net/GET]
[super-mario3d-world.net/Unable to load target-vec.js]
[super-mario3d-world.net/Loading target-vec.js]
[super-mario3d-world.net/get]
[assets.adobedtm.com/0216612597a6/b80235efd36c/launch-9d979f097026.min.js]
[super-mario3d-world.net/config.js]
[cdn.pricespider.com/1/lib/ps-widget.js]
[cdn.pricespider.com/1/3623/ps-utid.js]
[super-mario3d-world.net/{0}/{1}/index.html]
[super-mario3d-world.net/vendor/handlebars-3.0.3/custom/handlebars.min.js]
[super-mario3d-world.net/src/index.html]
[super-mario3d-world.net/S/index.html]
[super-mario3d-world.net/vendor/handlebars-3.0.3/custom/handlebars.runtime.min.js]
[super-mario3d-world.net/lib/ps-inspect.js]
[super-mario3d-world.net/vendor/socketio/2.3.0/socket-io.js]
[cdn.pricespider.com/1/lib/2.4.47/ps-widget.js]
[super-mario3d-world.net/data/index.html]
[super-mario3d-world.net/wtbstream.pricespider.com/index.html]
[super-mario3d-world.net/_https_/cdn.cookielaw.org/logos/50b45312-ab08-436b-adc7-79156d8394f7/fbf3549c-4010-4bc2-8e8e-7077219d886e/a9e434c0-45f5-46cf-8f9c-c267f3130104/grey_racetrack.html]
[use.typekit.net/af/620bf8/00000000000000000000e7fe/27/l3eab]
[use.typekit.net/af/620bf8/00000000000000000000e7fe/27/d3eab]
[use.typekit.net/af/5cca6d/00000000000000000000e802/27/laaa3]
[use.typekit.net/af/620bf8/00000000000000000000e7fe/27/a3eab]
[use.typekit.net/af/5cca6d/00000000000000000000e802/27/daaa3]
[use.typekit.net/af/a28b50/00000000000000000000e803/27/le003]
[use.typekit.net/af/5cca6d/00000000000000000000e802/27/aaaa3]
[use.typekit.net/af/a28b50/00000000000000000000e803/27/de003]
[use.typekit.net/af/c2d3de/00000000000000000000e804/27/laf99]
[use.typekit.net/af/a28b50/00000000000000000000e803/27/ae003]
[use.typekit.net/af/c2d3de/00000000000000000000e804/27/daf99]
[use.typekit.net/af/e3ca36/00000000000000000000e805/27/l652f]
[use.typekit.net/af/c2d3de/00000000000000000000e804/27/aaf99]
[use.typekit.net/af/e3ca36/00000000000000000000e805/27/d652f]
[use.typekit.net/af/2841b6/00000000000000000000e806/27/le265]
[use.typekit.net/af/e3ca36/00000000000000000000e805/27/a652f]
[use.typekit.net/af/2841b6/00000000000000000000e806/27/de265]
[use.typekit.net/rqo7lqz.css]
[super-mario3d-world.net/assets/modules/outdated/images/bg-modal.html]
[super-mario3d-world.net/assets/modules/outdated/images/bg-overlay.html]
[super-mario3d-world.net/assets/modules/outdated/images/wario-waluigi-ball.html]
[super-mario3d-world.net/assets/img/global/icon-close.svg]
[super-mario3d-world.net/assets/img/dotted-rule/dot-black.svg]
[super-mario3d-world.net/assets/img/dotted-rule/dot-red.svg]
[super-mario3d-world.net/assets/img/dotted-rule/dot-yellow.svg]
[super-mario3d-world.net/assets/img/sprite/nosvg5b45.html]
[super-mario3d-world.net/assets/img/png/nosvg/icon_close.html]
[super-mario3d-world.net/assets/img/png/nosvg/icon_logout.html]
[super-mario3d-world.net/assets/img/png/nosvg/icon_setting.html]
[super-mario3d-world.net/assets/img/png/nosvg/icon_guest.html]
[super-mario3d-world.net/assets/img/icon_mii_none.html]
[super-mario3d-world.net/assets/img/png/nosvg/icon_mii_none.html]
[super-mario3d-world.net/assets/img/pattern_x.html]
[super-mario3d-world.net/assets/img/sprite/account6799.html]
[super-mario3d-world.net/assets/img/sprite/account/@2x7fba.html]
[super-mario3d-world.net/assets/img/icon_mii_none_s.html]
[super-mario3d-world.net/assets/img/png/nosvg/icon_mii_none_s.html]
[super-mario3d-world.net/Trident/index.html]
[super-mario3d-world.net/POST.html]
[use.typekit.net/af/2841b6/00000000000000000000e806/27/ae265]
[super-mario3d-world.net/assets/css/play-together.css]
[super-mario3d-world.net/assets/img/play-together/coop/online/online-icon.svg]
[super-mario3d-world.net/assets/is/all.min.html]
[super-mario3d-world.net/media.nintendo.com/share/nclood/stable/en-us/bundles/microsite.html]
[super-mario3d-world.net/assets/css/bowsers-fury.css]
[super-mario3d-world.net/assets/img/bowsers-fury/icon-cat.svg]
[super-mario3d-world.net/GET.html]
[super-mario3d-world.net/Unable to load target-vec.html]
[super-mario3d-world.net/Loading target-vec.html]
[super-mario3d-world.net/get-2.html]
[super-mario3d-world.net/config.html]
[super-mario3d-world.net/{0}/{1}/index.html]
[super-mario3d-world.net/src/index.html]
[super-mario3d-world.net/S/index.html]
[super-mario3d-world.net/vendor/handlebars-3.0.3/custom/handlebars.min.html]
[super-mario3d-world.net/vendor/handlebars-3.0.3/custom/handlebars.runtime.min.html]
[super-mario3d-world.net/lib/ps-inspect.html]
[super-mario3d-world.net/vendor/socketio/2.3.0/socket-io.html]
[super-mario3d-world.net/wtbstream.pricespider.com/index.html]
[super-mario3d-world.net/data/index.html]
[p.typekit.net/p20ca.css]
[super-mario3d-world.net/assets/videos/play-together/PlayTogether_7sec-m.mp4]
[bat.bing.com/p/action/16004518.html]
